// Jest Snapshot v1, https://goo.gl/fbAQLP

exports[`RegisterScreen test should be display RegisterScreen 1`] = `
Array [
  <h3
    className="auth__title"
  >
    Login
  </h3>,
  <form
    onSubmit={[Function]}
  >
    <input
      autoComplete="off"
      className="auth__input"
      name="name"
      onChange={[Function]}
      placeholder="Nombre"
      type="text"
      value="Roberth J"
    />
    <input
      autoComplete="off"
      className="auth__input"
      name="email"
      onChange={[Function]}
      placeholder="Email"
      type="text"
      value="roberth.salazar@outlook.com"
    />
    <input
      className="auth__input"
      name="password"
      onChange={[Function]}
      placeholder="password"
      type="password"
      value={123456}
    />
    <input
      className="auth__input"
      name="confirmacion"
      onChange={[Function]}
      placeholder="ConfirmaciÃ³n"
      type="password"
      value={123456}
    />
    <button
      className="btn btn-primary btn-block mb-5"
      type="submit"
    >
      Register
    </button>
    <a
      className="link"
      href="/auth/login"
      onClick={[Function]}
    >
      Already registered?
    </a>
  </form>,
]
`;
